[www.haktuts.com/index.html]
[backblue.gif]
[fade.gif]
[index.html]
[www.haktuts.com/js/jquery-1.8.3.min.js]
[www.haktuts.com/js/bootstrap.min.js]
[www.haktuts.com/js/main.js]
[haktuts.com/gallery/icon-ts1413278622.png]
[ab.airpush.com/apportal/client/airpusha01c.js]
[www.haktuts.com/Home/index.html]
[www.haktuts.com/Free-ethical-hacking-course-online/index.html]
[www.haktuts.com/Linux/index.html]
[airpushmarketing.s3.amazonaws.com/abstract_examples_web.gif]
[www.haktuts.com/Tips-and-tricks/index.html]
[www.haktuts.com/how-to-share-internet-without-wifi/index.html]
[www.haktuts.com/basic-windows-command/index.html]
[www.haktuts.com/gallery/9f465d2b51bfcd9ab7169d5df0a4b554_1040x600.jpg]
[www.haktuts.com/top-20-notepad-trick/index.html]
[www.haktuts.com/list-of-top-cydia-tweaks-for-ios/index.html]
[www.haktuts.com/gallery/9b4796b6e216935b823958f9550dfa5f_460x230.jpg]
[www.haktuts.com/index.html]
[www.haktuts.com/how-to-install-kali-linux-nethunter/index.html]
[www.haktuts.com/download-all-hacking-tools/index.html]
[www.haktuts.com/Contact-us/index.html]
[www.haktuts.com/img/glyphicons-halflings.d.delayed]
[www.haktuts.com/Book/index.html]
[www.haktuts.com/Earn-Money/index.html]
[www.haktuts.com/img/glyphicons-halflings-white.e.delayed]
[www.haktuts.com/How-to-bind-two-exe-file-in-one-another-via-command-prompt/index.html]
[www.haktuts.com/Spoof-SMS/index.html]
[www.haktuts.com/css/bootstrap.min.css]
[www.haktuts.com/how-to-change-your-caller-id/index.html]
[www.haktuts.com/Send-Mail-with-someone-else-mail-id/index.html]
[www.haktuts.com/how-to-surf-on-web-anonymously/index.html]
[www.haktuts.com/SQL-Injection/index.html]
[www.haktuts.com/css/bootstrap-responsive.min.css]
[www.haktuts.com/Remote-Attack/index.html]
[www.haktuts.com/How-to-setup-fully-undetectable-Remote-Keylogger/index.html]
[www.haktuts.com/What-is-cryptography/index.html]
[www.haktuts.com/how-to-run-dual-whatsapp-on-android-without-root/index.html]
[www.haktuts.com/top10-command-of-nmap/index.html]
[www.haktuts.com/how-to-establish-ssh-connection-with-iphone/index.html]
[www.haktuts.com/css/fonts/Capture it.ttf]
[www.haktuts.com/Kali-1/index.html]
[www.haktuts.com/How-to-hack-windows-7-with-metasploit/index.html]
[www.haktuts.com/img/hlight_bg.10.delayed]
[www.haktuts.com/how-to-root-android-device-via-one-click/index.html]
[www.haktuts.com/how-to-hack-wifi-via-pyrit/index.html]
[www.haktuts.com/img/gallery.empty.11.delayed]
[www.haktuts.com/Server-Management/index.html]
[www.haktuts.com/how-to-increase-internal-storage-of-android-device/index.html]
[www.haktuts.com/img/gallery.left.12.delayed]
[www.haktuts.com/meaning-of-virtual-machine/index.html]
[www.haktuts.com/Kill-Wifi-Of-Entire-Network/index.html]
[www.haktuts.com/img/gallery.right.13.delayed]
[www.haktuts.com/how-to-bypass-applocker-in-andriod-1/index.html]
[www.haktuts.com/Tools-of-Password-Cracking/index.html]
[www.haktuts.com/img/gallery.left_h.14.delayed]
[www.haktuts.com/how-to-increase-ram-in-android-device/index.html]
[www.haktuts.com/HOW-TO-MAC-Spoof-without-tools/index.html]
[www.haktuts.com/HOW-TO-HACK-FACEBOOK-ACCOUNT-VIA-PHISHING-METHOD/index.html]
[www.haktuts.com/HOW-TO-Bypassing-Windows-8-1-Password/index.html]
[www.haktuts.com/img/gallery.right_h.15.delayed]
[www.haktuts.com/HOW-TO-Jailbreak-iOS-DEVICE/index.html]
[www.haktuts.com/how-to-crack-wpawpa2-protected-wifi/index.html]
[www.haktuts.com/img/icon-logo.16.delayed]
[www.haktuts.com/img/flags_matrix.17.delayed]
[www.haktuts.com/css/site6421.css]
[www.haktuts.com/css/null.18.delayed]
[www.haktuts.com/css/commond81a.css]
[www.haktuts.com/css/1d81a.css]
[www.haktuts.com/Home/index.html]
[www.haktuts.com/haktuts@gmail.1a.delayed]
[www.haktuts.com/Introduction/index.html]
[www.haktuts.com/Free-ethical-hacking-course-online/index.html]
[www.haktuts.com/Hackers-Hierarchy/index.html]
[www.haktuts.com/Hackers-Keyword/index.html]
[www.haktuts.com/Virus/index.html]
[www.haktuts.com/what-are-the-different-types-of-virus/index.html]
[www.haktuts.com/HOW-TO-get-Protect-From-Virus/index.html]
[www.haktuts.com/WHAT-IS-IP-Address/index.html]
[www.haktuts.com/IP-and-MAC/index.html]
[www.haktuts.com/What-are-the-types-of-IP-Address/index.html]
[www.haktuts.com/how-to-bind-one-exe-file-with-another-exe-file/index.html]
[www.haktuts.com/list-of-tools-to-detect-steganography/index.html]
[www.haktuts.com/gallery/15d356c4c3389cbf72261920d60d7334_300x167.jpg]
[www.haktuts.com/What-are-the-types-of-Cryptography/index.html]
[www.haktuts.com/how-to-send-a-spoofed-mail/index.html]
[www.haktuts.com/gallery/6f3bc553a041b5afba74343d5bc5d0b6_608x414.jpg]
[www.haktuts.com/Linux/index.html]
[www.haktuts.com/How-to-crack-a-zip-or-rar-password-protected-file/index.html]
[www.haktuts.com/How-to-crack-a-pdf-password-protected-file/index.html]
[www.haktuts.com/One-click-to-copy-full-website/index.html]
[www.haktuts.com/Introduction-to-Android-architecture/index.html]
[www.haktuts.com/gallery/321a4d2cec5bc6953e042c727e16788c_300x220.jpg]
[www.haktuts.com/how-to-bypass-the-screen-lock-of-android-devices/index.html]
[www.haktuts.com/gallery/02cd56d9a1eb59eb4d5e8293d7ad1ef8_300x220.jpg]
[www.haktuts.com/how-to-perform-pentesting-via-android-device/index.html]
[www.haktuts.com/gallery/02659e2492230faaf0a1b602f2b60986_300x220.jpg]
[www.haktuts.com/best-android-hacking-tools-for-rooted-smartphone/index.html]
[www.haktuts.com/gallery/ee61f5e9689c461ff9c80590f0c1254b_300x220.jpg]
[www.haktuts.com/iOS/index.html]
[www.haktuts.com/list-of-tools-to-jailbreak-ios-device/index.html]
[www.haktuts.com/gallery/0df25a08d001288d074388fee8b60b18_300x220.jpg]
[www.haktuts.com/advantages-of-virtual-machine/index.html]
[www.haktuts.com/gallery/d55090928e4ae57cf532ddbd1f6abfeb_300x220.jpg]
[www.haktuts.com/how-to-setup-virtual-machine/index.html]
[www.haktuts.com/gallery/e8667218f9509bf1ae3b5034b14a141e_300x220.jpg]
[www.haktuts.com/Tips-and-tricks/index.html]
[www.haktuts.com/how-to-install-ubuntu-in-virtual-machine/index.html]
[www.haktuts.com/Introduction-of-backtrack/index.html]
[www.haktuts.com/top-command-of-backtrack-for-hacking/index.html]
[www.haktuts.com/Kali-2/index.html]
[www.haktuts.com/types-of-wifi/index.html]
[www.haktuts.com/how-to-crack-wep-protected-wifi/index.html]
[www.haktuts.com/Desktop-Phishing/index.html]
[www.haktuts.com/gallery/f41024a35950f6aac560086281606a8c_300x220.jpg]
[www.haktuts.com/Cross-site-scripting/index.html]
[www.haktuts.com/Remote-attack/index-2.html]
[www.haktuts.com/gallery/e0715e198d1446479d4126da7badee0e_300x220.png]
[www.haktuts.com/How-to-hack-website-through-clickjacking/index.html]
[www.haktuts.com/gallery/5e4f48845fa238d8814f0a00723168a9_300x220.jpg]
[www.haktuts.com/how-to-bypass-applocker-in-andriod/index.html]
[www.haktuts.com/gallery/b71b2725105d765a11a56b3c746f04e7_300x220.jpg]
[www.haktuts.com/Use-WhatsApp-on-PC-and-Android-Simultaneously/index.html]
[www.haktuts.com/gallery/094ea89239f15345645b9a20b5e634d7_300x220.jpg]
[www.haktuts.com/multi-user-android/index.html]
[www.haktuts.com/gallery/4cdd539fcf9c17af55460c27e6f5edfa_300x220.jpg]
[www.haktuts.com/how-to-share-internet-without-wifi/index.html]
[www.haktuts.com/Create-an-Undeletable-Folder-using-CMD/index.html]
[www.haktuts.com/Run-Multiple-Window-On-Any-Android-Device/index.html]
[www.haktuts.com/basic-windows-command/index.html]
[www.haktuts.com/how-to-share-internet-without-wifi-router/index.html]
[www.haktuts.com/how-to-optimize-your-download-speed/index.html]
[www.haktuts.com/how-to-download-torrent-files-via-IDM/index.html]
[www.haktuts.com/How-to-bypass-phone-sms-verfication-of-any-website/index.html]
[www.haktuts.com/Windows-Tricks/index.html]
[www.haktuts.com/Trace-IP-Address-of-Victim/index.html]
[www.haktuts.com/top-20-notepad-trick/index.html]
[www.haktuts.com/how-to-install-kali-linux-nethunter-in-android-device/index.html]
[www.haktuts.com/how-to-install-android-lollipop/index.html]
[www.haktuts.com/how-to-install-kali-linux-on-android-device/index.html]
[www.haktuts.com/how-to-install-windows-xp-on-android-device/index.html]
[www.haktuts.com/how-to-download-entire-youtube-playlist-via-idm/index.html]
[www.haktuts.com/list-of-top-cydia-tweaks-for-ios/index.html]
[www.haktuts.com/how-to-use-your-anndroid-device-as-webcam/index.html]
[www.haktuts.com/Firefox-addons-for-pentesting/index.html]
[www.haktuts.com/how-to-lock-unlock-your-PC-via-usb/index.html]
[www.haktuts.com/how-o-send-messages-on-facebook-when-blocked/index.html]
[www.haktuts.com/how-to-solve-software-problem-of-usb-drive/index.html]
[www.haktuts.com/gallery/29377c2d18693be4d55e4c15f9e5e736_300x220.jpg]
[www.haktuts.com/Download-Apk-Files-Via-Browser/index.html]
[www.haktuts.com/how-to-use-your-pc-internet-on-your-android-device-via-usb/index.html]
[www.haktuts.com/how-to-delete-files-permanently-from-your-pc-via-cmd/index.html]
[www.haktuts.com/Unsend-or-edit-any-email-after-you-send-it/index.html]
[www.haktuts.com/gallery/6040ebe7c4f8f96fe0078d432550e27c_300x220.png]
[www.haktuts.com/How-to-send-and-receive-message-on-whatsapp/index.html]
[www.haktuts.com/How-To-Run-Android-Apps-in-Chrome-Browser/index.html]
[www.haktuts.com/gallery/0d516bd3292e82e674f040c8a50ea442_300x220.jpg]
[www.haktuts.com/Installation/index.html]
[www.haktuts.com/Intro-to-File-Directory/index.html]
[www.haktuts.com/gallery/4c0fdcdb010d2fe6bf7a6df40558e2e6_300x220.jpg]
[www.haktuts.com/Basic-Commands/index.html]
[www.haktuts.com/gallery/a3bab3f552716d1087296e239b577441_300x220.jpg]
[www.haktuts.com/File-Management/index.html]
[www.haktuts.com/gallery/5f77ea4e71a540cd8f4678df5e9ab5ac_300x220.jpg]
[www.haktuts.com/VIM/index.html]
[www.haktuts.com/User-Group-Management/index.html]
[www.haktuts.com/gallery/2a141299d0da797aeba929b1aa4eb3e2_300x220.jpg]
[www.haktuts.com/how-to-install-kali-linux-nethunter/index.html]
[www.haktuts.com/Maintenance-of-Linux-system/index.html]
[www.haktuts.com/System-Management/index.html]
[www.haktuts.com/Network-Managemnt/index.html]
[www.haktuts.com/Security/index.html]
[www.haktuts.com/download-all-hacking-tools/index.html]
[www.haktuts.com/Shell-Scripting/index.html]
[www.haktuts.com/Tips-and-trck-2/index.html]
[www.haktuts.com/Ethical-hacking/index.html]
[www.haktuts.com/CCleaner/index.html]
[www.haktuts.com/Contact-us/index.html]
[www.haktuts.com/Book/index.html]
[www.haktuts.com/Earn-Money/index.html]
[www.haktuts.com/airpush-sdk/index.html]
[www.haktuts.com/abstract/airsdk.3f.delayed]
[www.haktuts.com/banner/banner.40.delayed]
[ab.airpush.com/apportal/client/airpushc30a.js]
[ab.airpush.com/apportal/client/airpusha01c.js]
[q.adrta.com/aacb21.js]
[www.haktuts.com/How-to-bind-two-exe-file-in-one-another-via-command-prompt/index.html]
[www.haktuts.com/Spoof-SMS/index.html]
[www.haktuts.com/gallery/fa6e79dc4df6945b3044be82c7e8bdff_300x300.jpg]
[www.haktuts.com/how-to-change-your-caller-id/index.html]
[www.haktuts.com/gallery/094ea89239f15345645b9a20b5e634d7_272x185.jpg]
[www.haktuts.com/Send-Mail-with-someone-else-mail-id/index.html]
[www.haktuts.com/Webproxy.4b.delayed]
[www.haktuts.com/how-to-surf-on-web-anonymously/index.html]
[www.haktuts.com/SQL-Injection/index.html]
[www.haktuts.com/Remote-Attack/index.html]
[www.haktuts.com/gallery/148eb9f571b8e6291de0950f7a2561a8_400x266.jpg]
[www.haktuts.com/How-to-setup-fully-undetectable-Remote-Keylogger/index.html]
[www.haktuts.com/What-is-cryptography/index.html]
[www.haktuts.com/gallery/9ceb8ca90628d12709a886d4dff61898_800x468.jpg]
[www.haktuts.com/how-to-run-dual-whatsapp-on-android-without-root/index.html]
[www.haktuts.com/top10-command-of-nmap/index.html]
[www.haktuts.com/how-to-establish-ssh-connection-with-iphone/index.html]
[www.haktuts.com/Kali-1/index.html]
[www.haktuts.com/gallery/48322ea6e335440174c1e63f75447909_600x450.png]
[www.haktuts.com/gallery/382c64b95bf011caa9aaf5268b90a40d_600x113.png]
[www.haktuts.com/gallery/c02c0e6bcbb3ebbc6ff821c4c2ad0c1c_600x430.png]
[www.haktuts.com/gallery/1a60953a3d69785253f08120027ed4c7_600x292.png]
[www.haktuts.com/gallery/7025bd07f3e5eb0f6e924bad2412fee6_600x250.png]
[www.haktuts.com/How-to-hack-windows-7-with-metasploit/index.html]
[www.haktuts.com/how-to-root-android-device-via-one-click/index.html]
[www.haktuts.com/how-to-hack-wifi-via-pyrit/index.html]
[www.haktuts.com/Server-Management/index.html]
[www.haktuts.com/gallery/e18b691070a5afedb4d799086bc396a9_620x387.png]
[www.haktuts.com/gallery/9f8a6572d261d42408c7d85a91b2faa9_480x400.jpg]
[www.haktuts.com/how-to-increase-internal-storage-of-android-device/index.html]
[www.haktuts.com/meaning-of-virtual-machine/index.html]
[www.haktuts.com/Kill-Wifi-Of-Entire-Network/index.html]
[www.haktuts.com/how-to-bypass-applocker-in-andriod-1/index.html]
[www.haktuts.com/Tools-of-Password-Cracking/index.html]
[www.haktuts.com/gallery/7dc5bb9e9a4fcdfdef7d256210ff7dc0_512x384.jpg]
[www.haktuts.com/how-to-increase-ram-in-android-device/index.html]
[www.haktuts.com/HOW-TO-MAC-Spoof-without-tools/index.html]
[www.haktuts.com/HOW-TO-HACK-FACEBOOK-ACCOUNT-VIA-PHISHING-METHOD/index.html]
[www.haktuts.com/HOW-TO-Bypassing-Windows-8-1-Password/index.html]
[www.haktuts.com/HOW-TO-Jailbreak-iOS-DEVICE/index.html]
[www.haktuts.com/how-to-crack-wpawpa2-protected-wifi/index.html]
[www.haktuts.com/img/glyphicons-halflings.html]
[www.haktuts.com/img/glyphicons-halflings-white.html]
[www.haktuts.com/img/hlight_bg.html]
[www.haktuts.com/img/gallery.empty.html]
[www.haktuts.com/img/gallery.left.html]
[www.haktuts.com/img/gallery.right.html]
[www.haktuts.com/img/gallery.left_h.html]
[www.haktuts.com/img/gallery.right_h.html]
[www.haktuts.com/img/icon-logo.html]
[www.haktuts.com/img/flags_matrix.html]
[www.haktuts.com/css/null.html]
[www.haktuts.com/css/2d81a.css]
[www.haktuts.com/Introduction/index.html]
[www.haktuts.com/Hackers-Hierarchy/index.html]
[www.haktuts.com/Hackers-Keyword/index.html]
[www.haktuts.com/Virus/index.html]
[www.haktuts.com/what-are-the-different-types-of-virus/index.html]
[www.haktuts.com/HOW-TO-get-Protect-From-Virus/index.html]
[www.haktuts.com/gallery/0ef4eaed47e26c3ba0f5acf9ccf9b52f_800x697.png]
[www.haktuts.com/gallery/ca636ae4ed3e6fb655f870c8ae951bcf_435x196.gif]
[www.haktuts.com/IP-and-MAC/index.html]
[www.haktuts.com/WHAT-IS-IP-Address/index.html]
[www.haktuts.com/What-are-the-types-of-IP-Address/index.html]
[www.haktuts.com/how-to-bind-one-exe-file-with-another-exe-file/index.html]
[www.haktuts.com/list-of-tools-to-detect-steganography/index.html]
[www.haktuts.com/What-are-the-types-of-Cryptography/index.html]
[www.haktuts.com/www.fakemailgenerator.7b.delayed]
[www.haktuts.com/how-to-send-a-spoofed-mail/index.html]
[www.haktuts.com/How-to-crack-a-zip-or-rar-password-protected-file/index.html]
[www.haktuts.com/How-to-crack-a-pdf-password-protected-file/index.html]
[www.haktuts.com/One-click-to-copy-full-website/index.html]
[www.haktuts.com/gallery/f77b85a967abe1196963be3882641b02_900x500.jpg]
[www.haktuts.com/Introduction-to-Android-architecture/index.html]
[www.haktuts.com/how-to-bypass-the-screen-lock-of-android-devices/index.html]
[www.haktuts.com/how-to-perform-pentesting-via-android-device/index.html]
[www.haktuts.com/best-android-hacking-tools-for-rooted-smartphone/index.html]
[www.haktuts.com/iOS/index.html]
[www.haktuts.com/list-of-tools-to-jailbreak-ios-device/index.html]
[www.haktuts.com/advantages-of-virtual-machine/index.html]
[www.haktuts.com/how-to-setup-virtual-machine/index.html]
[www.haktuts.com/how-to-install-ubuntu-in-virtual-machine/index.html]
[www.haktuts.com/gallery/da1917bdde2c1e116471bb5deb8e3a76_850x478.jpg]
[www.haktuts.com/Introduction-of-backtrack/index.html]
[www.haktuts.com/top-command-of-backtrack-for-hacking/index.html]
[www.haktuts.com/Kali-2/index.html]
[www.haktuts.com/types-of-wifi/index.html]
[www.haktuts.com/how-to-crack-wep-protected-wifi/index.html]
[www.haktuts.com/Desktop-Phishing/index.html]
[www.haktuts.com/Cross-site-scripting/index.html]
[www.haktuts.com/Remote-attack/index-2.html]
[www.haktuts.com/How-to-hack-website-through-clickjacking/index.html]
[www.haktuts.com/gallery/24dcb0878f65d0b3571834a41acac8f1_300x400.jpg]
[www.haktuts.com/gallery/819f53fc007ca1830dc820c55d3aaea5_300x400.png]
[www.haktuts.com/how-to-bypass-applocker-in-andriod/index.html]
[www.haktuts.com/Use-WhatsApp-on-PC-and-Android-Simultaneously/index.html]
[www.haktuts.com/gallery/7a67dcd2ebdd0983652d6b4df6455860_600x375.jpg]
[www.haktuts.com/multi-user-android/index.html]
[www.haktuts.com/Create-an-Undeletable-Folder-using-CMD/index.html]
[www.haktuts.com/Run-Multiple-Window-On-Any-Android-Device/index.html]
[www.haktuts.com/gallery/6a46bd4200a226a5f143b10c03483650_676x345.jpg]
[www.haktuts.com/how-to-share-internet-without-wifi-router/index.html]
[www.haktuts.com/gallery/13a8dea9a4d888cec8ae5c2db8964f1f_650x400.jpg]
[www.haktuts.com/gallery/fe687831657c2ef8c80d4da48440b586_447x277.jpg]
[www.haktuts.com/how-to-optimize-your-download-speed/index.html]
[www.haktuts.com/gallery/59ee7c40f33fa134eceeee117db0e704_307x243.jpg]
[www.haktuts.com/gallery/674424e4988074371460544a7490144c_300x300.jpg]
[www.haktuts.com/how-to-download-torrent-files-via-IDM/index.html]
[www.haktuts.com/gallery/d0cf35c04fc5f892309d358f4ec06190_500x400.jpg]
[www.haktuts.com/gallery/815a193bc7ba4337a6fcf5af5fc25718_690x240.jpg]
[www.haktuts.com/How-to-bypass-phone-sms-verfication-of-any-website/index.html]
[www.haktuts.com/Windows-Tricks/index.html]
[www.haktuts.com/Trace-IP-Address-of-Victim/index.html]
[www.haktuts.com/gallery/59d706b1731591cf4cf5c0f19d410911_766x479.jpg]
[www.haktuts.com/how-to-install-kali-linux-nethunter-in-android-device/index.html]
[www.haktuts.com/gallery/cea1a31b1c2b00b4b5b10299dba1354c_600x500.jpg]
[www.haktuts.com/how-to-install-android-lollipop/index.html]
[www.haktuts.com/gallery/994abfdc7f61e5b2c61a2656e4e2e2ea_168x300.jpg]
[www.haktuts.com/gallery/ac35b8b9b488daedd99fdcee4a750be3_183x275.jpg]
[www.haktuts.com/how-to-install-kali-linux-on-android-device/index.html]
[www.haktuts.com/how-to-install-windows-xp-on-android-device/index.html]
[www.haktuts.com/gallery/5faf540d5f2eb22d906a2586d88c2bbd_820x620.png]
[www.haktuts.com/how-to-download-entire-youtube-playlist-via-idm/index.html]
[www.haktuts.com/how-to-use-your-anndroid-device-as-webcam/index.html]
[www.haktuts.com/Firefox-addons-for-pentesting/index.html]
[www.haktuts.com/how-to-lock-unlock-your-PC-via-usb/index.html]
[www.haktuts.com/how-to-solve-software-problem-of-usb-drive/index.html]
[www.haktuts.com/how-o-send-messages-on-facebook-when-blocked/index.html]
[www.haktuts.com/Download-Apk-Files-Via-Browser/index.html]
[www.haktuts.com/how-to-use-your-pc-internet-on-your-android-device-via-usb/index.html]
[www.haktuts.com/gallery/86a854c314cd441267e8cb768c4873d5_829x458.jpg]
[www.haktuts.com/how-to-delete-files-permanently-from-your-pc-via-cmd/index.html]
[www.haktuts.com/Unsend-or-edit-any-email-after-you-send-it/index.html]
[www.haktuts.com/How-to-send-and-receive-message-on-whatsapp/index.html]
[www.haktuts.com/How-To-Run-Android-Apps-in-Chrome-Browser/index.html]
[www.haktuts.com/haktuts@gmail.html]
[www.haktuts.com/css/common337c.css]
[www.haktuts.com/css/10337c.css]
[www.haktuts.com/gallery/6f8d023c3383bb71a719623ef7b98856_487x367.jpg]
[www.haktuts.com/gallery/7c5c541a727059b2f4fecb4d26798d13_566x371.jpg]
[www.haktuts.com/gallery/3c39f3381f989708050b0e1e5e8c7c98_582x372.jpg]
[www.haktuts.com/gallery/b6c35366609de2c6aafff9a77757a6da_528x344.jpg]
[www.haktuts.com/gallery/63277d56018a1813ea013bffcd845d83_525x344.jpg]
[www.haktuts.com/gallery/a5cee14072cb4a212b7804126d30e40c_700x460.jpg]
[www.haktuts.com/gallery/e7fdf32c69f80873ed49a2ce25de5ff2_698x190.jpg]
[www.haktuts.com/gallery/df63f5c7233de76d1e2081fe8e1d54e5_697x190.jpg]
[www.haktuts.com/gallery/d7e76104fb3708908600fc4b06619db5_697x190.jpg]
[www.haktuts.com/gallery/7e2e2a2bbde92818762461b2304da7a4_698x191.jpg]
[www.haktuts.com/gallery/20c6497673a38ec33ac021c15826eaba_699x460.jpg]
[www.haktuts.com/gallery/61970d7055c2ecddb0b3df7f22a07b5b_700x457.jpg]
[www.haktuts.com/gallery/19688d2ac8d5d40a7755b1fef561be91_700x458.jpg]
[www.haktuts.com/gallery/95de9c5b3cb6137f4d6d64331b356e92_700x459.jpg]
[www.haktuts.com/gallery/df6dbb0e3d0edec5db2c17be91f36db9_700x459.jpg]
[www.haktuts.com/gallery/ac4c65e0e7be18a327f8ff556f125006_698x191.jpg]
[www.haktuts.com/gallery/679105039159c1cff9709536bc995b2c_699x192.jpg]
[www.haktuts.com/gallery/6abe096bb18aa5c4479adc3098ed94fc_698x193.jpg]
[www.haktuts.com/gallery/bec41d07ffa4185b471c950a3d8db2d9_700x459.jpg]
[www.haktuts.com/gallery/626c012ea8d6eccc3fc8312c4f274949_698x192.jpg]
[www.haktuts.com/gallery/8b8f27d2427195dd9da1d6fb3e02a51a_699x189.jpg]
[www.haktuts.com/gallery/730edbaf6320d62658e1c1476d972e15_699x459.jpg]
[www.haktuts.com/gallery/ae3672f81a6f8a61a9949da847c1bdb6_696x193.jpg]
[www.haktuts.com/gallery/7f6bb15ec2909c4292383cccb3d8ce7c_698x192.jpg]
[www.haktuts.com/gallery/218437c5b4423d3af27f84faeb2d1569_698x190.jpg]
[www.haktuts.com/gallery/1dba134b732f02e1713a6d2cb3e95f4a_698x192.jpg]
[www.haktuts.com/gallery/ff6337cb82714199ea66f03a129a1105_700x459.jpg]
[www.haktuts.com/gallery/7f87f2a852137c01716b9352397f351f_698x458.jpg]
[www.haktuts.com/gallery/fb63eddc2fa40616caaccf8923f32cac_699x458.jpg]
[www.haktuts.com/gallery/6c030967f01f7d36d5a7d14578e4c4d8_532x207.jpg]
[www.haktuts.com/gallery/1ed7d18a470f8f6a490e9af8df297e2e_465x308.jpg]
[www.haktuts.com/gallery/8bba8c6a4307d0957abf26dec5a4388d_449x295.jpg]
[www.haktuts.com/Installation/index.html]
[www.haktuts.com/gallery/95e0875072b9df340cab99573a5d4b8c_550x336.jpg]
[www.haktuts.com/Intro-to-File-Directory/index.html]
[www.haktuts.com/Basic-Commands/index.html]
[www.haktuts.com/gallery/7c162c06f99f1521f7448a8ba023ca16_486x304.gif]
[www.haktuts.com/gallery/a836283f9d09a9207660a68a8fbda0ca_681x461.png]
[www.haktuts.com/gallery/cc298537b48524e806b1aac34c3475a7_700x180.png]
[www.haktuts.com/File-Management/index.html]
[www.haktuts.com/VIM/index.html]
[www.haktuts.com/User-Group-Management/index.html]
[www.haktuts.com/Maintenance-of-Linux-system/index.html]
[www.haktuts.com/System-Management/index.html]
[www.haktuts.com/Network-Managemnt/index.html]
[www.haktuts.com/Security/index.html]
[www.haktuts.com/Shell-Scripting/index.html]
[www.haktuts.com/css/3d81a.css]
[www.haktuts.com/Tips-and-trck-2/index.html]
[www.haktuts.com/Ethical-hacking/index.html]
[www.haktuts.com/css/commonc0bc.css]
[www.haktuts.com/css/103c0bc.css]
[www.haktuts.com/gallery/9ef8be7404ca6c58ee2e2ef6ffb409e2_580x330.jpg]
[www.haktuts.com/CCleaner/index.html]
[www.haktuts.com/css/96c0bc.css]
[www.haktuts.com/css/95c0bc.css]
[www.haktuts.com/css/102c0bc.css]
[www.haktuts.com/css/97c0bc.css]
[www.haktuts.com/css/4d81a.css]
[www.haktuts.com/css/6d81a.css]
[www.haktuts.com/css/common25c2.css]
[www.haktuts.com/css/2925c2.css]
[www.haktuts.com/css/3125c2.css]
[www.haktuts.com/airpush-sdk/index.html]
[www.haktuts.com/abstract/airsdk.html]
[www.haktuts.com/banner/banner.html]
[ab.airpush.com/apportal/client/abstract/airsdk.ef.delayed]
[ab.airpush.com/apportal/client/banner/banner.php]
[ab.airpush.com/apportal/client/airpushc30a.js]
[www.haktuts.com/css/57d81a.css]
[www.haktuts.com/css/3725c2.css]
[www.haktuts.com/css/common187a.css]
[www.haktuts.com/css/114187a.css]
[www.haktuts.com/css/115187a.css]
[www.haktuts.com/css/56d81a.css]
[www.haktuts.com/Webproxy.html]
[www.haktuts.com/css/4425c2.css]
[www.haktuts.com/css/3925c2.css]
[www.haktuts.com/css/81d81a.css]
[www.haktuts.com/css/61d81a.css]
[www.haktuts.com/css/121187a.css]
[www.haktuts.com/css/88c0bc.css]
[www.haktuts.com/css/80d81a.css]
[www.haktuts.com/css/1125c2.css]
[www.haktuts.com/css/89c0bc.css]
[www.haktuts.com/css/72d81a.css]
[www.haktuts.com/css/94c0bc.css]
[www.haktuts.com/css/15725c2.css]
[www.haktuts.com/css/123187a.css]
[www.haktuts.com/css/82c0bc.css]
[www.haktuts.com/css/3625c2.css]
[www.haktuts.com/css/66d81a.css]
[www.haktuts.com/css/122187a.css]
[www.haktuts.com/css/55d81a.css]
[www.haktuts.com/css/70d81a.css]
[www.haktuts.com/css/67d81a.css]
[www.haktuts.com/css/77d81a.css]
[www.haktuts.com/css/93c0bc.css]
[www.haktuts.com/css/7d81a.css]
[www.haktuts.com/css/8d81a.css]
[www.haktuts.com/css/47d81a.css]
[www.haktuts.com/css/48d81a.css]
[www.haktuts.com/css/49d81a.css]
[www.haktuts.com/css/50d81a.css]
[www.haktuts.com/css/51d81a.css]
[www.haktuts.com/css/52d81a.css]
[www.haktuts.com/css/53d81a.css]
[www.haktuts.com/css/59d81a.css]
[www.haktuts.com/css/60d81a.css]
[www.haktuts.com/css/62d81a.css]
[www.haktuts.com/css/65d81a.css]
[www.haktuts.com/www.fakemailgenerator.html]
[www.haktuts.com/css/68d81a.css]
[www.haktuts.com/css/69d81a.css]
[www.haktuts.com/css/64d81a.css]
[www.haktuts.com/css/71d81a.css]
[www.haktuts.com/css/73d81a.css]
[www.haktuts.com/css/74d81a.css]
[www.haktuts.com/css/75d81a.css]
[www.haktuts.com/css/76d81a.css]
[www.haktuts.com/css/78d81a.css]
[www.haktuts.com/css/83c0bc.css]
[www.haktuts.com/css/84c0bc.css]
[www.haktuts.com/css/85c0bc.css]
[www.haktuts.com/css/86c0bc.css]
[www.haktuts.com/css/87c0bc.css]
[www.haktuts.com/css/91c0bc.css]
[www.haktuts.com/css/92c0bc.css]
[www.haktuts.com/css/16025c2.css]
[www.haktuts.com/css/3825c2.css]
[www.haktuts.com/css/145337c.css]
[www.haktuts.com/css/109187a.css]
[www.haktuts.com/css/3525c2.css]
[www.haktuts.com/css/110187a.css]
[www.haktuts.com/css/3325c2.css]
[www.haktuts.com/css/3425c2.css]
[www.haktuts.com/css/118187a.css]
[www.haktuts.com/css/126187a.css]
[www.haktuts.com/css/125187a.css]
[www.haktuts.com/css/127187a.css]
[www.haktuts.com/css/3025c2.css]
[www.haktuts.com/css/3225c2.css]
[www.haktuts.com/css/108c0bc.css]
[www.haktuts.com/css/111187a.css]
[www.haktuts.com/css/113187a.css]
[www.haktuts.com/css/112187a.css]
[www.haktuts.com/css/117187a.css]
[www.haktuts.com/css/140337c.css]
[www.haktuts.com/css/137187a.css]
[www.haktuts.com/css/116187a.css]
[www.haktuts.com/css/141337c.css]
[www.haktuts.com/css/136187a.css]
[www.haktuts.com/css/16325c2.css]
[www.haktuts.com/css/139337c.css]
[www.haktuts.com/css/119187a.css]
[www.haktuts.com/css/1525c2.css]
[www.haktuts.com/css/1625c2.css]
[www.haktuts.com/css/4025c2.css]
[www.haktuts.com/css/45337c.css]
[www.haktuts.com/css/46337c.css]
[www.haktuts.com/css/148337c.css]
[www.haktuts.com/css/151337c.css]
[www.haktuts.com/css/15225c2.css]
[www.haktuts.com/css/15325c2.css]
[www.haktuts.com/css/15425c2.css]
[www.haktuts.com/css/15525c2.css]
[www.haktuts.com/css/15625c2.css]
[www.haktuts.com/css/15825c2.css]
[www.haktuts.com/css/15925c2.css]
[www.haktuts.com/css/99c0bc.css]
[www.haktuts.com/css/58d81a.css]
[www.haktuts.com/css/120187a.css]
[ab.airpush.com/apportal/client/abstract/airsdk.php]
[ab.airpush.com/apportal/client/banner/banner.php]
